// Jest Snapshot v1, https://goo.gl/fbAQLP

exports[`MainSortingOption Should render correctly 1`] = `
<li
  className="places__option places__option--active"
  onClick={[Function]}
  tabIndex="0"
>
  Popular
</li>
`;
