// Jest Snapshot v1, https://goo.gl/fbAQLP

exports[`offer Should render correctly 1`] = `
<Provider
  store={
    Object {
      "clearActions": [Function],
      "dispatch": [Function],
      "getActions": [Function],
      "getState": [Function],
      "replaceReducer": [Function],
      "subscribe": [Function],
    }
  }
>
  <Router
    history={
      Object {
        "action": "POP",
        "block": [Function],
        "createHref": [Function],
        "go": [Function],
        "goBack": [Function],
        "goForward": [Function],
        "length": 1,
        "listen": [Function],
        "location": Object {
          "hash": "",
          "pathname": "/",
          "search": "",
          "state": undefined,
        },
        "push": [Function],
        "replace": [Function],
      }
    }
  >
    <Offer
      authorizationStatus="AUTH"
      comments={Array []}
      loadOfferInfo={[Function]}
      nearbyOffers={
        Array [
          Object {
            "adults": 4,
            "bedrooms": 3,
            "city": "Amsterdam",
            "cityLocation": Array [
              52.369553943508,
              4.85309666406198,
            ],
            "cityZoom": 10,
            "host": Object {
              "avatar": "/img/avatar-angelina.jpg",
              "description": "A quiet cozy and picturesque that hides behind a a river by the unique lightness of Amsterdam.
          The building is green and from 18th century.",
              "name": "Anagelina",
              "pro": true,
            },
            "id": 1,
            "image": Array [
              "/img/apartment-01.jpg",
              "/img/apartment-02.jpg",
              "/img/apartment-03.jpg",
              "/img/room.jpg",
              "/img/studio-01.jpg",
              "/img/studio-photos.jpg",
            ],
            "inside": Array [
              "Wi-Fi",
              "Washing machine",
              "Towels",
              "Heating",
              "Coffee machine",
              "Baby seat",
              "Kitchen",
              "Dishwasher",
              "whatewer you want",
            ],
            "isInBookmarks": true,
            "isPremium": true,
            "location": Array [
              52.3909553943508,
              4.85309666406198,
            ],
            "name": "Beautiful & luxurious studio",
            "previewImage": "/img/avatar-angelina.jpg",
            "price": Object {
              "period": "night",
              "value": 1234,
            },
            "rating": 3.5,
            "reviews": Array [
              2134,
              2135,
            ],
            "type": "Apartament",
          },
        ]
      }
      offerProps={
        Object {
          "match": Object {
            "params": Object {
              "id": 1,
            },
          },
        }
      }
      offers={
        Array [
          Object {
            "adults": 4,
            "bedrooms": 3,
            "city": "Amsterdam",
            "cityLocation": Array [
              52.369553943508,
              4.85309666406198,
            ],
            "cityZoom": 10,
            "host": Object {
              "avatar": "/img/avatar-angelina.jpg",
              "description": "A quiet cozy and picturesque that hides behind a a river by the unique lightness of Amsterdam.
          The building is green and from 18th century.",
              "name": "Anagelina",
              "pro": true,
            },
            "id": 1,
            "image": Array [
              "/img/apartment-01.jpg",
              "/img/apartment-02.jpg",
              "/img/apartment-03.jpg",
              "/img/room.jpg",
              "/img/studio-01.jpg",
              "/img/studio-photos.jpg",
            ],
            "inside": Array [
              "Wi-Fi",
              "Washing machine",
              "Towels",
              "Heating",
              "Coffee machine",
              "Baby seat",
              "Kitchen",
              "Dishwasher",
              "whatewer you want",
            ],
            "isInBookmarks": true,
            "isPremium": true,
            "location": Array [
              52.3909553943508,
              4.85309666406198,
            ],
            "name": "Beautiful & luxurious studio",
            "previewImage": "/img/avatar-angelina.jpg",
            "price": Object {
              "period": "night",
              "value": 1234,
            },
            "rating": 3.5,
            "reviews": Array [
              2134,
              2135,
            ],
            "type": "Apartament",
          },
          Object {
            "adults": 4,
            "bedrooms": 3,
            "city": "Amsterdam",
            "cityLocation": Array [
              52.369553943508,
              4.85309666406198,
            ],
            "cityZoom": 10,
            "host": Object {
              "avatar": "/img/avatar-angelina.jpg",
              "description": "A quiet cozy and picturesque that hides behind a a river by the unique lightness of Amsterdam.
          The building is green and from 18th century.",
              "name": "Anagelina",
              "pro": true,
            },
            "id": 2,
            "image": Array [
              "/img/apartment-01.jpg",
              "/img/apartment-02.jpg",
              "/img/apartment-03.jpg",
              "/img/room.jpg",
              "/img/studio-01.jpg",
              "/img/studio-photos.jpg",
            ],
            "inside": Array [
              "Wi-Fi",
              "Washing machine",
              "Towels",
              "Heating",
              "Coffee machine",
              "Baby seat",
              "Kitchen",
              "Dishwasher",
              "whatewer you want",
            ],
            "isInBookmarks": true,
            "isPremium": true,
            "location": Array [
              52.3909553943508,
              4.85309666406198,
            ],
            "name": "Beautiful & luxurious studio",
            "previewImage": "/img/avatar-angelina.jpg",
            "price": Object {
              "period": "night",
              "value": 1234,
            },
            "rating": 3.5,
            "reviews": Array [
              2135,
              2136,
            ],
            "type": "Apartament",
          },
        ]
      }
    >
      <div
        className="page"
      >
        <Connect(Header)>
          <Header
            authStatus="AUTH"
            dispatch={[Function]}
            email="sdf@mail.ri"
          >
            <header
              className="header"
            >
              <div
                className="container"
              >
                <div
                  className="header__wrapper"
                >
                  <div
                    className="header__left"
                  >
                    <Link
                      className="header__logo-link"
                      to="/"
                    >
                      <LinkAnchor
                        className="header__logo-link"
                        href="/"
                        navigate={[Function]}
                      >
                        <a
                          className="header__logo-link"
                          href="/"
                          onClick={[Function]}
                        >
                          <img
                            alt="6 cities logo"
                            className="header__logo"
                            height="41"
                            src="/img/logo.svg"
                            width="81"
                          />
                        </a>
                      </LinkAnchor>
                    </Link>
                  </div>
                  <nav
                    className="header__nav"
                  >
                    <ul
                      className="header__nav-list"
                    >
                      <li
                        className="header__nav-item user"
                      >
                        <Link
                          className="header__nav-link header__nav-link--profile"
                          to="/favorites"
                        >
                          <LinkAnchor
                            className="header__nav-link header__nav-link--profile"
                            href="/favorites"
                            navigate={[Function]}
                          >
                            <a
                              className="header__nav-link header__nav-link--profile"
                              href="/favorites"
                              onClick={[Function]}
                            >
                              <div
                                className="header__avatar-wrapper user__avatar-wrapper"
                              />
                              <span
                                className="header__user-name user__name"
                              >
                                sdf@mail.ri
                              </span>
                            </a>
                          </LinkAnchor>
                        </Link>
                      </li>
                    </ul>
                  </nav>
                </div>
              </div>
            </header>
          </Header>
        </Connect(Header)>
        <main
          className="page__main page__main--property"
        >
          <section
            className="property"
          >
            <div
              className="property__gallery-container container"
            >
              <div
                className="property__gallery"
              >
                <Photos
                  images={
                    Array [
                      "/img/apartment-01.jpg",
                      "/img/apartment-02.jpg",
                      "/img/apartment-03.jpg",
                      "/img/room.jpg",
                      "/img/studio-01.jpg",
                      "/img/studio-photos.jpg",
                    ]
                  }
                >
                  <div
                    className="property__image-wrapper"
                    key="0-/img/apartment-01.jpg"
                  >
                    <img
                      alt="Photo studio"
                      className="property__image"
                      src="/img/apartment-01.jpg"
                    />
                  </div>
                  <div
                    className="property__image-wrapper"
                    key="1-/img/apartment-02.jpg"
                  >
                    <img
                      alt="Photo studio"
                      className="property__image"
                      src="/img/apartment-02.jpg"
                    />
                  </div>
                  <div
                    className="property__image-wrapper"
                    key="2-/img/apartment-03.jpg"
                  >
                    <img
                      alt="Photo studio"
                      className="property__image"
                      src="/img/apartment-03.jpg"
                    />
                  </div>
                  <div
                    className="property__image-wrapper"
                    key="3-/img/room.jpg"
                  >
                    <img
                      alt="Photo studio"
                      className="property__image"
                      src="/img/room.jpg"
                    />
                  </div>
                  <div
                    className="property__image-wrapper"
                    key="4-/img/studio-01.jpg"
                  >
                    <img
                      alt="Photo studio"
                      className="property__image"
                      src="/img/studio-01.jpg"
                    />
                  </div>
                  <div
                    className="property__image-wrapper"
                    key="5-/img/studio-photos.jpg"
                  >
                    <img
                      alt="Photo studio"
                      className="property__image"
                      src="/img/studio-photos.jpg"
                    />
                  </div>
                </Photos>
              </div>
            </div>
            <div
              className="property__container container"
            >
              <div
                className="property__wrapper"
              >
                <div
                  className="property__mark"
                >
                  <span>
                    Premium
                  </span>
                </div>
                <div
                  className="property__name-wrapper"
                >
                  <h1
                    className="property__name"
                  >
                    Beautiful & luxurious studio
                  </h1>
                  <Connect(BookmarksButton)
                    id={1}
                    isInBookmarks={true}
                    type="PROPERTY"
                  >
                    <BookmarksButton
                      addToBookmarks={[Function]}
                      id={1}
                      isInBookmarks={true}
                      type="PROPERTY"
                    >
                      <button
                        className="property__bookmark-button property__bookmark-button--active button"
                        onClick={[Function]}
                        type="button"
                      >
                        <svg
                          className="place-card__bookmark-icon"
                          height={33}
                          width={31}
                        >
                          <use
                            xlinkHref="#icon-bookmark"
                          />
                        </svg>
                        <span
                          className="visually-hidden"
                        >
                          To bookmarks
                        </span>
                      </button>
                    </BookmarksButton>
                  </Connect(BookmarksButton)>
                </div>
                <div
                  className="property__rating rating"
                >
                  <div
                    className="property__stars rating__stars"
                  >
                    <span
                      style={
                        Object {
                          "width": "70%",
                        }
                      }
                    />
                    <span
                      className="visually-hidden"
                    >
                      Rating
                    </span>
                  </div>
                  <span
                    className="property__rating-value rating__value"
                  >
                    3.5
                  </span>
                </div>
                <ul
                  className="property__features"
                >
                  <li
                    className="property__feature property__feature--entire"
                  >
                    Apartament
                  </li>
                  <li
                    className="property__feature property__feature--bedrooms"
                  >
                    3
                     Bedrooms
                  </li>
                  <li
                    className="property__feature property__feature--adults"
                  >
                    Max 
                    4
                     adults
                  </li>
                </ul>
                <div
                  className="property__price"
                >
                  <b
                    className="property__price-value"
                  >
                    €
                    1234
                  </b>
                  <span
                    className="property__price-text"
                  >
                     
                    night
                  </span>
                </div>
                <div
                  className="property__inside"
                >
                  <h2
                    className="property__inside-title"
                  >
                    What's inside
                  </h2>
                  <ul
                    className="property__inside-list"
                  >
                    <Inside
                      inside={
                        Array [
                          "Wi-Fi",
                          "Washing machine",
                          "Towels",
                          "Heating",
                          "Coffee machine",
                          "Baby seat",
                          "Kitchen",
                          "Dishwasher",
                          "whatewer you want",
                        ]
                      }
                    >
                      <li
                        className="property__inside-item"
                        key="0-Wi-Fi"
                      >
                        Wi-Fi
                      </li>
                      <li
                        className="property__inside-item"
                        key="1-Washing machine"
                      >
                        Washing machine
                      </li>
                      <li
                        className="property__inside-item"
                        key="2-Towels"
                      >
                        Towels
                      </li>
                      <li
                        className="property__inside-item"
                        key="3-Heating"
                      >
                        Heating
                      </li>
                      <li
                        className="property__inside-item"
                        key="4-Coffee machine"
                      >
                        Coffee machine
                      </li>
                      <li
                        className="property__inside-item"
                        key="5-Baby seat"
                      >
                        Baby seat
                      </li>
                      <li
                        className="property__inside-item"
                        key="6-Kitchen"
                      >
                        Kitchen
                      </li>
                      <li
                        className="property__inside-item"
                        key="7-Dishwasher"
                      >
                        Dishwasher
                      </li>
                      <li
                        className="property__inside-item"
                        key="8-whatewer you want"
                      >
                        whatewer you want
                      </li>
                    </Inside>
                  </ul>
                </div>
                <div
                  className="property__host"
                >
                  <h2
                    className="property__host-title"
                  >
                    Meet the host
                  </h2>
                  <div
                    className="property__host-user user"
                  >
                    <div
                      className="property__avatar-wrapper property__avatar-wrapper--pro user__avatar-wrapper"
                    >
                      <img
                        alt="Host avatar"
                        className="property__avatar user__avatar"
                        height="74"
                        src="/img/avatar-angelina.jpg"
                        width="74"
                      />
                    </div>
                    <span
                      className="property__user-name"
                    >
                      Anagelina
                    </span>
                  </div>
                  <div
                    className="property__description"
                  >
                    <p
                      className="property__text"
                    >
                      A quiet cozy and picturesque that hides behind a a river by the unique lightness of Amsterdam.
          The building is green and from 18th century.
                    </p>
                  </div>
                </div>
                <section
                  className="property__reviews reviews"
                >
                  <h2
                    className="reviews__title"
                  >
                    Reviews · 
                    <span
                      className="reviews__amount"
                    />
                  </h2>
                  <ul
                    className="reviews__list"
                  >
                    <Reviews
                      reviews={Array []}
                    />
                  </ul>
                  <Connect(PostCommentForm)
                    id={1}
                  >
                    <PostCommentForm
                      changeCommentSendingStatus={[Function]}
                      enterText={[Function]}
                      id={1}
                      postComment={[Function]}
                      rating="5"
                      setRating={[Function]}
                      text="xyyyyyyyyy"
                    >
                      <form
                        action="#"
                        className="reviews__form form"
                        method="post"
                        onSubmit={[Function]}
                      >
                        <label
                          className="reviews__label form__label"
                          htmlFor="review"
                        >
                          Your review
                        </label>
                        <div
                          className="reviews__rating-form form__rating"
                        >
                          <RatingStar
                            currentRating="5"
                            key="5"
                            onChange={[Function]}
                            rating={5}
                          >
                            <input
                              checked={true}
                              className="form__rating-input visually-hidden"
                              id="5-stars"
                              name="rating"
                              onChange={[Function]}
                              type="radio"
                              value={5}
                            />
                            <label
                              className="reviews__rating-label form__rating-label"
                              htmlFor="5-stars"
                              title="perfect"
                            >
                              <svg
                                className="form__star-image"
                                height="33"
                                width="37"
                              >
                                <use
                                  xlinkHref="#icon-star"
                                />
                              </svg>
                            </label>
                          </RatingStar>
                          <RatingStar
                            currentRating="5"
                            key="4"
                            onChange={[Function]}
                            rating={4}
                          >
                            <input
                              checked={false}
                              className="form__rating-input visually-hidden"
                              id="4-stars"
                              name="rating"
                              onChange={[Function]}
                              type="radio"
                              value={4}
                            />
                            <label
                              className="reviews__rating-label form__rating-label"
                              htmlFor="4-stars"
                              title="good"
                            >
                              <svg
                                className="form__star-image"
                                height="33"
                                width="37"
                              >
                                <use
                                  xlinkHref="#icon-star"
                                />
                              </svg>
                            </label>
                          </RatingStar>
                          <RatingStar
                            currentRating="5"
                            key="3"
                            onChange={[Function]}
                            rating={3}
                          >
                            <input
                              checked={false}
                              className="form__rating-input visually-hidden"
                              id="3-stars"
                              name="rating"
                              onChange={[Function]}
                              type="radio"
                              value={3}
                            />
                            <label
                              className="reviews__rating-label form__rating-label"
                              htmlFor="3-stars"
                              title="not bad"
                            >
                              <svg
                                className="form__star-image"
                                height="33"
                                width="37"
                              >
                                <use
                                  xlinkHref="#icon-star"
                                />
                              </svg>
                            </label>
                          </RatingStar>
                          <RatingStar
                            currentRating="5"
                            key="2"
                            onChange={[Function]}
                            rating={2}
                          >
                            <input
                              checked={false}
                              className="form__rating-input visually-hidden"
                              id="2-stars"
                              name="rating"
                              onChange={[Function]}
                              type="radio"
                              value={2}
                            />
                            <label
                              className="reviews__rating-label form__rating-label"
                              htmlFor="2-stars"
                              title="badly"
                            >
                              <svg
                                className="form__star-image"
                                height="33"
                                width="37"
                              >
                                <use
                                  xlinkHref="#icon-star"
                                />
                              </svg>
                            </label>
                          </RatingStar>
                          <RatingStar
                            currentRating="5"
                            key="1"
                            onChange={[Function]}
                            rating={1}
                          >
                            <input
                              checked={false}
                              className="form__rating-input visually-hidden"
                              id="1-stars"
                              name="rating"
                              onChange={[Function]}
                              type="radio"
                              value={1}
                            />
                            <label
                              className="reviews__rating-label form__rating-label"
                              htmlFor="1-stars"
                              title="terribly"
                            >
                              <svg
                                className="form__star-image"
                                height="33"
                                width="37"
                              >
                                <use
                                  xlinkHref="#icon-star"
                                />
                              </svg>
                            </label>
                          </RatingStar>
                        </div>
                        <textarea
                          className="reviews__textarea form__textarea"
                          id="review"
                          maxLength={300}
                          name="review"
                          onChange={[Function]}
                          placeholder="Tell how was your stay, what you like and what can be improved"
                          required={true}
                          value="xyyyyyyyyy"
                        />
                        <div
                          className="reviews__button-wrapper"
                        >
                          <p
                            className="reviews__help"
                          >
                            To submit review please make sure to set 
                            <span
                              className="reviews__star"
                            >
                              rating
                            </span>
                             and describe your stay with at least 
                            <b
                              className="reviews__text-amount"
                            >
                              50 characters
                            </b>
                            .
                          </p>
                          <button
                            className="reviews__submit form__submit button"
                            disabled={true}
                            type="submit"
                          >
                            Submit
                          </button>
                        </div>
                      </form>
                    </PostCommentForm>
                  </Connect(PostCommentForm)>
                </section>
              </div>
            </div>
            <MapComponent
              chosedPinLocation={
                Array [
                  52.3909553943508,
                  4.85309666406198,
                ]
              }
              cityLocation={
                Array [
                  52.369553943508,
                  4.85309666406198,
                ]
              }
              className="property__map"
              key="1"
              pinLocations={
                Array [
                  Array [
                    52.3909553943508,
                    4.85309666406198,
                  ],
                ]
              }
              zoom={10}
            >
              <section
                className="property__map map"
                id="map"
              />
            </MapComponent>
          </section>
          <div
            className="container"
          >
            <section
              className="near-places places"
            >
              <h2
                className="near-places__title"
              >
                Other places in the neighbourhood
              </h2>
              <div
                className="near-places__list places__list"
              >
                <OfferCard
                  className="near-places__card"
                  key="1"
                  offer={
                    Object {
                      "adults": 4,
                      "bedrooms": 3,
                      "city": "Amsterdam",
                      "cityLocation": Array [
                        52.369553943508,
                        4.85309666406198,
                      ],
                      "cityZoom": 10,
                      "host": Object {
                        "avatar": "/img/avatar-angelina.jpg",
                        "description": "A quiet cozy and picturesque that hides behind a a river by the unique lightness of Amsterdam.
          The building is green and from 18th century.",
                        "name": "Anagelina",
                        "pro": true,
                      },
                      "id": 1,
                      "image": Array [
                        "/img/apartment-01.jpg",
                        "/img/apartment-02.jpg",
                        "/img/apartment-03.jpg",
                        "/img/room.jpg",
                        "/img/studio-01.jpg",
                        "/img/studio-photos.jpg",
                      ],
                      "inside": Array [
                        "Wi-Fi",
                        "Washing machine",
                        "Towels",
                        "Heating",
                        "Coffee machine",
                        "Baby seat",
                        "Kitchen",
                        "Dishwasher",
                        "whatewer you want",
                      ],
                      "isInBookmarks": true,
                      "isPremium": true,
                      "location": Array [
                        52.3909553943508,
                        4.85309666406198,
                      ],
                      "name": "Beautiful & luxurious studio",
                      "previewImage": "/img/avatar-angelina.jpg",
                      "price": Object {
                        "period": "night",
                        "value": 1234,
                      },
                      "rating": 3.5,
                      "reviews": Array [
                        2134,
                        2135,
                      ],
                      "type": "Apartament",
                    }
                  }
                  onMouseEnterCard={[Function]}
                >
                  <article
                    className="near-places__card place-card"
                    onMouseEnter={[Function]}
                    onMouseLeave={[Function]}
                  >
                    <div
                      className="place-card__mark"
                    >
                      <span>
                        Premium
                      </span>
                    </div>
                    <div
                      className="cities__image-wrapper place-card__image-wrapper"
                    >
                      <Link
                        to="/offer/1"
                      >
                        <LinkAnchor
                          href="/offer/1"
                          navigate={[Function]}
                        >
                          <a
                            href="/offer/1"
                            onClick={[Function]}
                          >
                            <img
                              alt="Place image"
                              className="place-card__image"
                              height="200"
                              src="/img/avatar-angelina.jpg"
                              width="260"
                            />
                          </a>
                        </LinkAnchor>
                      </Link>
                    </div>
                    <div
                      className="place-card__info"
                    >
                      <div
                        className="place-card__price-wrapper"
                      >
                        <div
                          className="place-card__price"
                        >
                          <b
                            className="place-card__price-value"
                          >
                            €
                            1234
                            .
                          </b>
                          <span
                            className="place-card__price-text"
                          >
                            / 
                            night
                          </span>
                        </div>
                        <Connect(BookmarksButton)
                          id={1}
                          isInBookmarks={true}
                          type="PLACE_CARD"
                        >
                          <BookmarksButton
                            addToBookmarks={[Function]}
                            id={1}
                            isInBookmarks={true}
                            type="PLACE_CARD"
                          >
                            <button
                              className="place-card__bookmark-button place-card__bookmark-button--active button"
                              onClick={[Function]}
                              type="button"
                            >
                              <svg
                                className="place-card__bookmark-icon"
                                height={19}
                                width={18}
                              >
                                <use
                                  xlinkHref="#icon-bookmark"
                                />
                              </svg>
                              <span
                                className="visually-hidden"
                              >
                                To bookmarks
                              </span>
                            </button>
                          </BookmarksButton>
                        </Connect(BookmarksButton)>
                      </div>
                      <div
                        className="place-card__rating rating"
                      >
                        <div
                          className="place-card__stars rating__stars"
                        >
                          <span
                            style={
                              Object {
                                "width": "70%",
                              }
                            }
                          />
                          <span
                            className="visually-hidden"
                          >
                            Rating
                          </span>
                        </div>
                      </div>
                      <h2
                        className="place-card__name"
                      >
                        <Link
                          to="/offer/1"
                        >
                          <LinkAnchor
                            href="/offer/1"
                            navigate={[Function]}
                          >
                            <a
                              href="/offer/1"
                              onClick={[Function]}
                            >
                              Beautiful & luxurious studio
                            </a>
                          </LinkAnchor>
                        </Link>
                      </h2>
                      <p
                        className="place-card__type"
                      >
                        Apartament
                      </p>
                    </div>
                  </article>
                </OfferCard>
              </div>
            </section>
          </div>
        </main>
      </div>
    </Offer>
  </Router>
</Provider>
`;
