// Jest Snapshot v1, https://goo.gl/fbAQLP

exports[`withToggle is rendered correctly 1`] = `<div />`;
