// Jest Snapshot v1, https://goo.gl/fbAQLP

exports[`Should FavoritesOfferCard render correctly 1`] = `
Array [
  <article
    className="favorites__card place-card"
  >
    <div
      className="favorites__image-wrapper place-card__image-wrapper"
    >
      <a
        href="/offer/1"
      >
        <img
          alt="Place image"
          className="place-card__image"
          height="110"
          src="/img/avatar-angelina.jpg"
          width="150"
        />
      </a>
    </div>
    <div
      className="favorites__card-info place-card__info"
    >
      <div
        className="place-card__price-wrapper"
      >
        <div
          className="place-card__price"
        >
          <b
            className="place-card__price-value"
          >
            €
            1234
          </b>
          <span
            className="place-card__price-text"
          >
            / night
          </span>
        </div>
        <button
          className="place-card__bookmark-button place-card__bookmark-button--active button"
          onClick={[Function]}
          type="button"
        >
          <svg
            className="place-card__bookmark-icon"
            height={19}
            width={18}
          >
            <use
              xlinkHref="#icon-bookmark"
            />
          </svg>
          <span
            className="visually-hidden"
          >
            To bookmarks
          </span>
        </button>
      </div>
      <div
        className="place-card__rating rating"
      >
        <div
          className="place-card__stars rating__stars"
        >
          <span
            style={
              Object {
                "width": "70%",
              }
            }
          />
          <span
            className="visually-hidden"
          >
            Rating
          </span>
        </div>
      </div>
      <h2
        className="place-card__name"
      >
        <a
          href="/offer/1"
        >
          Beautiful & luxurious studio
        </a>
      </h2>
      <p
        className="place-card__type"
      >
        Apartament
      </p>
    </div>
  </article>,
  "          ",
]
`;
